a = range(8)

print(a)
[0, 1, 2, 3, 4, 5, 6, 7]

b = tuple(a)
 print(b)
(0, 1, 2, 3, 4, 5, 6, 7)

c = list(b)
 print(c)
[0, 1, 2, 3, 4, 5, 6, 7]


>>> tuple = ('a','b','c')
>>> list.insert(4,tuple)
>>> list
[1, 2, 3, 4, ('a', 'b', 'c')]
>>> list[4]
('a', 'b', 'c')
>>> list[1:4]
[2, 3, 4]
>>> tuple(2)#cuo wu
Traceback (most recent call last):
  File "<stdin>", line 1, in <module>
TypeError: 'tuple' object is not callable
>>> tuple[2]
'c'
>>> tuple[1:-1]
('b',)

