>>> input('Input your name:')
Input your name:li
'li'
>>> name = input('Input your name:')
Input your name:li
>>> print(name)
li

>>> year = input('The year:')
The year:2015
     >>> year + 1
     Traceback (most recent call last):
      File "<stdin>", line 1, in <module>
      TypeError: Can't convert 'int' object to str implicitly
>>> int(year)+1
2016

