>>> a = 0
>>> print(a)
0
>>> b = 1
>>> print(a+b)
1
>>> print(b)
1
>>> s = 'Hello'
>>> print(s)
Hello

>>> 1 = [1,2,3]
  File "<stdin>", line 1
SyntaxError: can't assign to literal
>>> 1=[1,2,3]
  File "<stdin>", line 1
SyntaxError: can't assign to literal
>>> l = [1,2,3]
>>> print(l)
[1, 2, 3]
>>> t =( 'a','b','c')
>>> print(t)
('a', 'b', 'c')
>>> print(1,t)
1 ('a', 'b', 'c')
>>> print(l,t)
[1, 2, 3] ('a', 'b', 'c')
>>> print(l,'\n',t)
[1, 2, 3] 
 ('a', 'b', 'c')
>>> for i in t:
...     print(i)
... 
a
b
c

